@@@ i=$1 = -16
@@@ start=$2 = -100
@@@ end=$3 = 100
@@@ step=$4 = 3
@@@ i=$5 = -13
@@@ start=$6 = -100
@@@ end=$7 = 100
@@@ step=$8 = 3
@@@ i=$9 = -10
@@@ start=$10 = -100
@@@ end=$11 = 100
@@@ step=$12 = 3
@@@ i=$13 = -7
@@@ start=$14 = -100
@@@ end=$15 = 100
@@@ step=$16 = 3
@@@ i=$17 = -4
@@@ start=$18 = -100
@@@ end=$19 = 100
@@@ step=$20 = 3
@@@ i=$21 = -1
@@@ start=$22 = -100
@@@ end=$23 = 100
@@@ step=$24 = 3
@@@ i=$25 = 2
@@@ start=$26 = -100
@@@ end=$27 = 100
@@@ step=$28 = 3
@@@ i=$29 = 5
@@@ start=$30 = -100
@@@ end=$31 = 100
@@@ step=$32 = 3
